c:\users\lol1\documents\a-best-installation-guide\100.code-project\ultimateanticheat\ultimate.344d69c4\x64\release\vc143.pdb
c:\users\lol1\documents\a-best-installation-guide\100.code-project\ultimateanticheat\ultimate.344d69c4\x64\release\peb.obj
c:\users\lol1\documents\a-best-installation-guide\100.code-project\ultimateanticheat\ultimate.344d69c4\x64\release\handles.obj
c:\users\lol1\documents\a-best-installation-guide\100.code-project\ultimateanticheat\ultimate.344d69c4\x64\release\exports.obj
c:\users\lol1\documents\a-best-installation-guide\100.code-project\ultimateanticheat\ultimate.344d69c4\x64\release\preventions.obj
c:\users\lol1\documents\a-best-installation-guide\100.code-project\ultimateanticheat\ultimate.344d69c4\x64\release\packets.obj
c:\users\lol1\documents\a-best-installation-guide\100.code-project\ultimateanticheat\ultimate.344d69c4\x64\release\netclient.obj
c:\users\lol1\documents\a-best-installation-guide\100.code-project\ultimateanticheat\ultimate.344d69c4\x64\release\httpclient.obj
c:\users\lol1\documents\a-best-installation-guide\100.code-project\ultimateanticheat\ultimate.344d69c4\x64\release\evidencelocker.obj
c:\users\lol1\documents\a-best-installation-guide\100.code-project\ultimateanticheat\ultimate.344d69c4\x64\release\services.obj
c:\users\lol1\documents\a-best-installation-guide\100.code-project\ultimateanticheat\ultimate.344d69c4\x64\release\detections.obj
c:\users\lol1\documents\a-best-installation-guide\100.code-project\ultimateanticheat\ultimate.344d69c4\x64\release\utility.obj
c:\users\lol1\documents\a-best-installation-guide\100.code-project\ultimateanticheat\ultimate.344d69c4\x64\release\sha256.obj
c:\users\lol1\documents\a-best-installation-guide\100.code-project\ultimateanticheat\ultimate.344d69c4\x64\release\logger.obj
c:\users\lol1\documents\a-best-installation-guide\100.code-project\ultimateanticheat\ultimate.344d69c4\x64\release\api.obj
c:\users\lol1\documents\a-best-installation-guide\100.code-project\ultimateanticheat\ultimate.344d69c4\x64\release\remap.obj
c:\users\lol1\documents\a-best-installation-guide\100.code-project\ultimateanticheat\ultimate.344d69c4\x64\release\nauthenticode.obj
c:\users\lol1\documents\a-best-installation-guide\100.code-project\ultimateanticheat\ultimate.344d69c4\x64\release\integrity.obj
c:\users\lol1\documents\a-best-installation-guide\100.code-project\ultimateanticheat\ultimate.344d69c4\x64\release\debuggerdetections.obj
c:\users\lol1\documents\a-best-installation-guide\100.code-project\ultimateanticheat\ultimate.344d69c4\x64\release\antidebugger.obj
c:\users\lol1\documents\a-best-installation-guide\100.code-project\ultimateanticheat\ultimate.344d69c4\x64\release\anticheat.obj
c:\users\lol1\documents\a-best-installation-guide\100.code-project\ultimateanticheat\ultimate.344d69c4\x64\release\splashscreen.obj
c:\users\lol1\documents\a-best-installation-guide\100.code-project\ultimateanticheat\ultimate.344d69c4\x64\release\thread.obj
c:\users\lol1\documents\a-best-installation-guide\100.code-project\ultimateanticheat\ultimate.344d69c4\x64\release\main.obj
c:\users\lol1\documents\a-best-installation-guide\100.code-project\ultimateanticheat\ultimate.344d69c4\x64\release\process.obj
c:\users\lol1\documents\a-best-installation-guide\100.code-project\ultimateanticheat\x64\release\game.exe
c:\users\lol1\documents\a-best-installation-guide\100.code-project\ultimateanticheat\x64\release\game.pdb
c:\users\lol1\documents\a-best-installation-guide\100.code-project\ultimateanticheat\ultimate.344d69c4\x64\release\asmstubs.obj
c:\users\lol1\documents\a-best-installation-guide\100.code-project\ultimateanticheat\ultimate.344d69c4\x64\release\ultimateanticheat.res
c:\users\lol1\documents\a-best-installation-guide\100.code-project\ultimateanticheat\ultimate.344d69c4\x64\release\game.ipdb
c:\users\lol1\documents\a-best-installation-guide\100.code-project\ultimateanticheat\ultimate.344d69c4\x64\release\game.iobj
c:\users\lol1\documents\a-best-installation-guide\100.code-project\ultimateanticheat\ultimate.344d69c4\x64\release\ultimate.344d69c4.tlog\cl.command.1.tlog
c:\users\lol1\documents\a-best-installation-guide\100.code-project\ultimateanticheat\ultimate.344d69c4\x64\release\ultimate.344d69c4.tlog\cl.items.tlog
c:\users\lol1\documents\a-best-installation-guide\100.code-project\ultimateanticheat\ultimate.344d69c4\x64\release\ultimate.344d69c4.tlog\cl.read.1.tlog
c:\users\lol1\documents\a-best-installation-guide\100.code-project\ultimateanticheat\ultimate.344d69c4\x64\release\ultimate.344d69c4.tlog\cl.write.1.tlog
c:\users\lol1\documents\a-best-installation-guide\100.code-project\ultimateanticheat\ultimate.344d69c4\x64\release\ultimate.344d69c4.tlog\link.command.1.tlog
c:\users\lol1\documents\a-best-installation-guide\100.code-project\ultimateanticheat\ultimate.344d69c4\x64\release\ultimate.344d69c4.tlog\link.read.1.tlog
c:\users\lol1\documents\a-best-installation-guide\100.code-project\ultimateanticheat\ultimate.344d69c4\x64\release\ultimate.344d69c4.tlog\link.secondary.1.tlog
c:\users\lol1\documents\a-best-installation-guide\100.code-project\ultimateanticheat\ultimate.344d69c4\x64\release\ultimate.344d69c4.tlog\link.write.1.tlog
c:\users\lol1\documents\a-best-installation-guide\100.code-project\ultimateanticheat\ultimate.344d69c4\x64\release\ultimate.344d69c4.tlog\masm.read.1u.tlog
c:\users\lol1\documents\a-best-installation-guide\100.code-project\ultimateanticheat\ultimate.344d69c4\x64\release\ultimate.344d69c4.tlog\masm.write.1u.tlog
c:\users\lol1\documents\a-best-installation-guide\100.code-project\ultimateanticheat\ultimate.344d69c4\x64\release\ultimate.344d69c4.tlog\rc.command.1.tlog
c:\users\lol1\documents\a-best-installation-guide\100.code-project\ultimateanticheat\ultimate.344d69c4\x64\release\ultimate.344d69c4.tlog\rc.read.1.tlog
c:\users\lol1\documents\a-best-installation-guide\100.code-project\ultimateanticheat\ultimate.344d69c4\x64\release\ultimate.344d69c4.tlog\rc.write.1.tlog
