  Assembling Obscure\ASMStubs.asm...
  AntiCheat.cpp
C:\Users\lol1\Documents\A-Best-Installation-GUIDE\100.Code-Project\UltimateAntiCheat\Network\Packets\Packets.hpp(39,71): warning C4114: stesso qualificatore di tipo utilizzato più di una volta
  (compilazione del file di origine 'AntiCheat.cpp')
  
C:\Users\lol1\Documents\A-Best-Installation-GUIDE\100.Code-Project\UltimateAntiCheat\EvidenceLocker.hpp(39,61): warning C4267: 'return': conversione da 'size_t' a 'int'. Possibile perdita di dati.
  (compilazione del file di origine 'AntiCheat.cpp')
  
C:\Users\lol1\Documents\A-Best-Installation-GUIDE\100.Code-Project\UltimateAntiCheat\AntiCheat.cpp(50,31): warning C4101: '_': variabile locale senza riferimenti
  AntiDebugger.cpp
C:\Users\lol1\Documents\A-Best-Installation-GUIDE\100.Code-Project\UltimateAntiCheat\Network\Packets\Packets.hpp(39,71): warning C4114: stesso qualificatore di tipo utilizzato più di una volta
  (compilazione del file di origine 'AntiDebug/AntiDebugger.cpp')
  
C:\Users\lol1\Documents\A-Best-Installation-GUIDE\100.Code-Project\UltimateAntiCheat\EvidenceLocker.hpp(39,61): warning C4267: 'return': conversione da 'size_t' a 'int'. Possibile perdita di dati.
  (compilazione del file di origine 'AntiDebug/AntiDebugger.cpp')
  
  DebuggerDetections.cpp
C:\Users\lol1\Documents\A-Best-Installation-GUIDE\100.Code-Project\UltimateAntiCheat\Network\Packets\Packets.hpp(39,71): warning C4114: stesso qualificatore di tipo utilizzato più di una volta
  (compilazione del file di origine 'AntiDebug/DebuggerDetections.cpp')
  
C:\Users\lol1\Documents\A-Best-Installation-GUIDE\100.Code-Project\UltimateAntiCheat\EvidenceLocker.hpp(39,61): warning C4267: 'return': conversione da 'size_t' a 'int'. Possibile perdita di dati.
  (compilazione del file di origine 'AntiDebug/DebuggerDetections.cpp')
  
  Integrity.cpp
C:\Users\lol1\Documents\A-Best-Installation-GUIDE\100.Code-Project\UltimateAntiCheat\AntiTamper\Integrity.cpp(416,20): warning C4018: '<': errata corrispondenza tra signed e unsigned
  NAuthenticode.cpp
  remap.cpp
  API.cpp
C:\Users\lol1\Documents\A-Best-Installation-GUIDE\100.Code-Project\UltimateAntiCheat\Network\Packets\Packets.hpp(39,71): warning C4114: stesso qualificatore di tipo utilizzato più di una volta
  (compilazione del file di origine 'API/API.cpp')
  
C:\Users\lol1\Documents\A-Best-Installation-GUIDE\100.Code-Project\UltimateAntiCheat\EvidenceLocker.hpp(39,61): warning C4267: 'return': conversione da 'size_t' a 'int'. Possibile perdita di dati.
  (compilazione del file di origine 'API/API.cpp')
  
  Logger.cpp
  SHA256.cpp
C:\Users\lol1\Documents\A-Best-Installation-GUIDE\100.Code-Project\UltimateAntiCheat\Common\SHA256.cpp(150,24): warning C4293: '>>': calcolo shift negativo o troppo grande. Comportamento indefinito
C:\Users\lol1\Documents\A-Best-Installation-GUIDE\100.Code-Project\UltimateAntiCheat\Common\SHA256.cpp(151,24): warning C4293: '>>': calcolo shift negativo o troppo grande. Comportamento indefinito
C:\Users\lol1\Documents\A-Best-Installation-GUIDE\100.Code-Project\UltimateAntiCheat\Common\SHA256.cpp(152,24): warning C4293: '>>': calcolo shift negativo o troppo grande. Comportamento indefinito
C:\Users\lol1\Documents\A-Best-Installation-GUIDE\100.Code-Project\UltimateAntiCheat\Common\SHA256.cpp(153,24): warning C4293: '>>': calcolo shift negativo o troppo grande. Comportamento indefinito
  Utility.cpp
  Detections.cpp
C:\Users\lol1\Documents\A-Best-Installation-GUIDE\100.Code-Project\UltimateAntiCheat\Network\Packets\Packets.hpp(39,71): warning C4114: stesso qualificatore di tipo utilizzato più di una volta
  (compilazione del file di origine 'Detections.cpp')
  
C:\Users\lol1\Documents\A-Best-Installation-GUIDE\100.Code-Project\UltimateAntiCheat\EvidenceLocker.hpp(39,61): warning C4267: 'return': conversione da 'size_t' a 'int'. Possibile perdita di dati.
  (compilazione del file di origine 'Detections.cpp')
  
C:\Users\lol1\Documents\A-Best-Installation-GUIDE\100.Code-Project\UltimateAntiCheat\Detections.cpp(21,46): warning C4267: 'argomento': conversione da 'size_t' a 'int'. Possibile perdita di dati.
C:\Users\lol1\Documents\A-Best-Installation-GUIDE\100.Code-Project\UltimateAntiCheat\Detections.cpp(439,26): warning C4244: 'inizializzazione': conversione da 'unsigned long' a 'uint8_t'. Possibile perdita di dati.
C:\Users\lol1\Documents\A-Best-Installation-GUIDE\100.Code-Project\UltimateAntiCheat\Detections.cpp(1262,27): warning C4267: 'inizializzazione': conversione da 'size_t' a 'DWORD'. Possibile perdita di dati.
C:\Program Files\Microsoft Visual Studio\2022\Professional\VC\Tools\MSVC\14.44.35207\include\memory(3630,56): warning C4267: 'argomento': conversione da 'size_t' a 'const int'. Possibile perdita di dati.
  (compilazione del file di origine 'Detections.cpp')
      C:\Program Files\Microsoft Visual Studio\2022\Professional\VC\Tools\MSVC\14.44.35207\include\memory(3630,56):
      il contesto di creazione dell'istanza del modello (prima il meno recente) è
          C:\Users\lol1\Documents\A-Best-Installation-GUIDE\100.Code-Project\UltimateAntiCheat\Detections.cpp(17,21):
          vedere il riferimento all'istanza 'std::unique_ptr<Process,std::default_delete<Process>> std::make_unique<Process,unsigned __int64,0>(unsigned __int64 &&)' della funzione modello di cui è in corso la compilazione
  
  Services.cpp
  EvidenceLocker.cpp
C:\Users\lol1\Documents\A-Best-Installation-GUIDE\100.Code-Project\UltimateAntiCheat\Network\Packets\Packets.hpp(39,71): warning C4114: stesso qualificatore di tipo utilizzato più di una volta
  (compilazione del file di origine 'EvidenceLocker.cpp')
  
C:\Users\lol1\Documents\A-Best-Installation-GUIDE\100.Code-Project\UltimateAntiCheat\EvidenceLocker.hpp(39,61): warning C4267: 'return': conversione da 'size_t' a 'int'. Possibile perdita di dati.
  (compilazione del file di origine 'EvidenceLocker.cpp')
  
  HttpClient.cpp
  NetClient.cpp
C:\Users\lol1\Documents\A-Best-Installation-GUIDE\100.Code-Project\UltimateAntiCheat\Network\Packets\Packets.hpp(39,71): warning C4114: stesso qualificatore di tipo utilizzato più di una volta
  (compilazione del file di origine 'Network/NetClient.cpp')
  
  Packets.cpp
C:\Users\lol1\Documents\A-Best-Installation-GUIDE\100.Code-Project\UltimateAntiCheat\Network\Packets\Packets.hpp(39,71): warning C4114: stesso qualificatore di tipo utilizzato più di una volta
  (compilazione del file di origine 'Network/Packets/Packets.cpp')
  
C:\Users\lol1\Documents\A-Best-Installation-GUIDE\100.Code-Project\UltimateAntiCheat\Network\Packets\Packets.cpp(30,88): warning C4114: stesso qualificatore di tipo utilizzato più di una volta
  Preventions.cpp
  Exports.cpp
  Handles.cpp
C:\Users\lol1\Documents\A-Best-Installation-GUIDE\100.Code-Project\UltimateAntiCheat\Process\Handles.cpp(65,20): warning C4018: '<': errata corrispondenza tra signed e unsigned
  PEB.cpp
  Compilazione in corso...
  Process.cpp
C:\Users\lol1\Documents\A-Best-Installation-GUIDE\100.Code-Project\UltimateAntiCheat\Process\Process.cpp(171,68): warning C4267: '=': conversione da 'size_t' a 'USHORT'. Possibile perdita di dati.
C:\Users\lol1\Documents\A-Best-Installation-GUIDE\100.Code-Project\UltimateAntiCheat\Process\Process.cpp(172,75): warning C4267: '=': conversione da 'size_t' a 'USHORT'. Possibile perdita di dati.
  main.cpp
C:\Users\lol1\Documents\A-Best-Installation-GUIDE\100.Code-Project\UltimateAntiCheat\Network\Packets\Packets.hpp(39,71): warning C4114: stesso qualificatore di tipo utilizzato più di una volta
  (compilazione del file di origine 'main.cpp')
  
C:\Users\lol1\Documents\A-Best-Installation-GUIDE\100.Code-Project\UltimateAntiCheat\EvidenceLocker.hpp(39,61): warning C4267: 'return': conversione da 'size_t' a 'int'. Possibile perdita di dati.
  (compilazione del file di origine 'main.cpp')
  
C:\Users\lol1\Documents\A-Best-Installation-GUIDE\100.Code-Project\UltimateAntiCheat\Obscure\XorStr.hpp(72,58): warning C4267: 'argomento': conversione da 'size_t' a 'int'. Possibile perdita di dati.
  (compilazione del file di origine 'main.cpp')
      C:\Users\lol1\Documents\A-Best-Installation-GUIDE\100.Code-Project\UltimateAntiCheat\main.cpp(256,31):
      durante la valutazione della funzione constexpr 'make_encrypted'
      C:\Users\lol1\Documents\A-Best-Installation-GUIDE\100.Code-Project\UltimateAntiCheat\Obscure\XorStr.hpp(72,58):
      il contesto di creazione dell'istanza del modello (prima il meno recente) è
          C:\Users\lol1\Documents\A-Best-Installation-GUIDE\100.Code-Project\UltimateAntiCheat\main.cpp(256,31):
          vedere il riferimento all'istanza 'EncryptedStringW<13>' di modello classe di cui è in corso la compilazione
          C:\Users\lol1\Documents\A-Best-Installation-GUIDE\100.Code-Project\UltimateAntiCheat\Obscure\XorStr.hpp(68,5):
          durante la compilazione della funzione membro 'EncryptedStringW<13>::EncryptedStringW(const wchar_t (&)[13])' di modello classe
              C:\Users\lol1\Documents\A-Best-Installation-GUIDE\100.Code-Project\UltimateAntiCheat\Obscure\XorStr.hpp(90,5):
              vedere il primo riferimento a 'EncryptedStringW<13>::EncryptedStringW' in 'make_encrypted'
  
C:\Users\lol1\Documents\A-Best-Installation-GUIDE\100.Code-Project\UltimateAntiCheat\main.cpp(619,1): warning C4102: 'Cleanup': etichetta senza riferimenti
C:\Users\lol1\Documents\A-Best-Installation-GUIDE\100.Code-Project\UltimateAntiCheat\main.cpp(395,38): warning C4101: 'ex': variabile locale senza riferimenti
C:\Users\lol1\Documents\A-Best-Installation-GUIDE\100.Code-Project\UltimateAntiCheat\Obscure\XorStr.hpp(80,61): warning C4267: 'argomento': conversione da 'size_t' a 'int'. Possibile perdita di dati.
  (compilazione del file di origine 'main.cpp')
      C:\Users\lol1\Documents\A-Best-Installation-GUIDE\100.Code-Project\UltimateAntiCheat\Obscure\XorStr.hpp(80,61):
      il contesto di creazione dell'istanza del modello (prima il meno recente) è
          C:\Users\lol1\Documents\A-Best-Installation-GUIDE\100.Code-Project\UltimateAntiCheat\Obscure\XorStr.hpp(76,10):
          durante la compilazione della funzione membro 'void EncryptedStringW<12>::decrypt(wchar_t *) const' di modello classe
              C:\Users\lol1\Documents\A-Best-Installation-GUIDE\100.Code-Project\UltimateAntiCheat\main.cpp(274,21):
              vedere il primo riferimento a 'EncryptedStringW<12>::decrypt' in 'main'
  
  Thread.cpp
  SplashScreen.cpp
LINK : warning LNK4098: la libreria predefinita 'LIBCMT' è in conflitto con l'utilizzo di altre librerie; usare /NODEFAULTLIB:libreria
  Generazione codice in corso...
  Previous IPDB not found, fall back to full compilation.
  All 4436 functions were compiled because no usable IPDB/IOBJ from previous compilation was found.
  Generazione codice terminata
  UltimateAnticheat.vcxproj -> C:\Users\lol1\Documents\A-Best-Installation-GUIDE\100.Code-Project\UltimateAntiCheat\x64\Release\game.exe
  Copy Splash Image
          1 file copiati.
  === Post-build hash update started ===
  game.exe: 685FAC6FD245D9BC2D8025AF32C9A87D5DB88186B69D8780A7FD5EB4EDA09BD4
  duff.dll: 203C7A58D97BD554A5B10DA438FB64E10FA7E89A26CC978AA6BDF12648F2E026
  Updater.exe: F98FAB2FA0C697A36CC0CF950FC3027C306AEA760630618AB5ACFDB70FDF2F41
  x32.exe: 70FB22BA2CE719D7AB052392A8607DDB43D9AFF6795D32450EEECA23281F9F28
  SHA256 aggiornati in sha256_hashes.hpp
  SHA256 aggiornati in ExpectedHashes.cs
  [SUCCESS] Tutti i file hash sono stati aggiornati e verificati correttamente.
  Copiato Updater.exe in C:\Users\lol1\Documents\A-Best-Installation-GUIDE\100.Code-Project\Duff_Client-v20\Updater.exe
  Copiato duff.dll in C:\Users\lol1\Documents\A-Best-Installation-GUIDE\100.Code-Project\Duff_Client-v20\duff.dll
  Copiato game.exe in C:\Users\lol1\Documents\A-Best-Installation-GUIDE\100.Code-Project\Duff_Client-v20\game.exe
  Copiato x32.exe in C:\Users\lol1\Documents\A-Best-Installation-GUIDE\100.Code-Project\UltimateAntiCheat\UltimateAntiCheat-Server\bin\Release\hash\x32.exe
  Copiato Updater.exe in C:\Users\lol1\Documents\A-Best-Installation-GUIDE\100.Code-Project\UltimateAntiCheat\UltimateAntiCheat-Server\bin\Release\hash\Updater.exe
  Copiato duff.dll in C:\Users\lol1\Documents\A-Best-Installation-GUIDE\100.Code-Project\UltimateAntiCheat\UltimateAntiCheat-Server\bin\Release\hash\duff.dll
  Copiato game.exe in C:\Users\lol1\Documents\A-Best-Installation-GUIDE\100.Code-Project\UltimateAntiCheat\UltimateAntiCheat-Server\bin\Release\hash\game.exe
  === Post-build hash update completed ===
  
  Tutto OK! Hash e file aggiornati correttamente.
  ´╗┐
